00:43:56 **** Incremental Build of configuration Debug for project p3 ****
cs-make all 
'Building file: ../main.c'
'Invoking: ARM Sourcery Windows GCC C Compiler'
arm-none-eabi-gcc -O0 -Wall -Wa,-adhlns="main.o.lst" -c -fmessage-length=0 -mapcs-frame -MMD -MP -MF"main.d" -MT"main.d" -mcpu=arm7tdmi -g3 -gdwarf-2 -o "main.o" "../main.c"
'Finished building: ../main.c'
' '
'Building target: p3.elf'
'Invoking: ARM Sourcery Windows GCC C Linker'
arm-none-eabi-gcc -T"C:\hlocal\p1\p2\ld_script.ld" -nostartfiles -Wl,-Map,p3.map -mcpu=arm7tdmi -g3 -gdwarf-2 -o "p3.elf"  ./D8Led.o ./button.o ./gpio.o ./init.o ./intcontroller.o ./keyboard.o ./leds.o ./main.o ./timer.o ./utils.o   
'Finished building target: p3.elf'
' '
'Invoking: ARM Sourcery Windows GNU Create Flash Image'
arm-none-eabi-objcopy -O binary p3.elf  "p3.hex"
'Finished building: p3.hex'
' '
'Invoking: ARM Sourcery Windows GNU Create Listing'
arm-none-eabi-objdump -h -S p3.elf > "p3.lst"
'Finished building: p3.lst'
' '
'Invoking: ARM Sourcery Windows GNU Print Size'
arm-none-eabi-size  --format=berkeley p3.elf
   text	   data	    bss	    dec	    hex	filename
   8144	    200	      8	   8352	   20a0	p3.elf
'Finished building: p3.siz'
' '

00:43:57 Build Finished (took 955ms)

